[demo.graygrids.com/themes/impression/index.html]
[backblue.gif]
[fade.gif]
[index.html]
[demo.graygrids.com/themes/impression/assets/css/bootstrap.min.css]
[demo.graygrids.com/themes/impression/assets/css/main.css]
[demo.graygrids.com/themes/impression/assets/css/responsive.css]
[demo.graygrids.com/themes/impression/assets/fonts/font-awesome.min.css]
[demo.graygrids.com/themes/impression/assets/fonts/simple-line-icons.css]
[demo.graygrids.com/themes/impression/assets/css/slicknav.css]
[demo.graygrids.com/themes/impression/assets/css/nivo-lightbox.css]
[demo.graygrids.com/themes/impression/assets/css/animate.css]
[demo.graygrids.com/themes/impression/assets/css/owl.carousel.css]
[demo.graygrids.com/themes/impression/assets/css/colors/default.css]
[demo.graygrids.com/themes/impression/index-2.html]
[demo.graygrids.com/themes/impression/assets/img/logo1.png]
[demo.graygrids.com/themes/impression/about.html]
[demo.graygrids.com/themes/impression/gallery.html]
[demo.graygrids.com/themes/impression/pricing.html]
[demo.graygrids.com/themes/impression/sponsors.html]
[demo.graygrids.com/themes/impression/single-post.html]
[demo.graygrids.com/themes/impression/schedule.html]
[demo.graygrids.com/themes/impression/speakers.html]
[demo.graygrids.com/themes/impression/blog.html]
[demo.graygrids.com/themes/impression/contact.html]
[demo.graygrids.com/themes/impression/assets/img/slider/bg-1.jpg]
[demo.graygrids.com/themes/impression/assets/img/slider/bg-2.jpg]
[demo.graygrids.com/themes/impression/assets/img/slider/bg-3.jpg]
[demo.graygrids.com/themes/impression/assets/img/microphone.png]
[demo.graygrids.com/themes/impression/assets/img/coffee-cup.png]
[demo.graygrids.com/themes/impression/assets/img/sponsors/logo-01.png]
[demo.graygrids.com/themes/impression/assets/img/sponsors/logo-02.png]
[demo.graygrids.com/themes/impression/assets/img/sponsors/logo-03.png]
[demo.graygrids.com/themes/impression/assets/img/sponsors/logo-04.png]
[demo.graygrids.com/themes/impression/assets/img/gallery/img-1.jpg]
[demo.graygrids.com/themes/impression/assets/img/gallery/img-2.jpg]
[demo.graygrids.com/themes/impression/assets/img/gallery/img-3.jpg]
[demo.graygrids.com/themes/impression/assets/img/gallery/lagre-3.jpg]
[demo.graygrids.com/themes/impression/assets/img/gallery/img-4.jpg]
[demo.graygrids.com/themes/impression/assets/img/gallery/img-5.jpg]
[demo.graygrids.com/themes/impression/assets/img/gallery/img-6.jpg]
[demo.graygrids.com/themes/impression/assets/img/gallery/img-7.jpg]
[demo.graygrids.com/themes/impression/assets/img/teacher/img-1.png]
[demo.graygrids.com/themes/impression/assets/img/teacher/img-2.png]
[demo.graygrids.com/themes/impression/assets/img/teacher/img-3.png]
[demo.graygrids.com/themes/impression/assets/img/teacher/img-4.png]
[demo.graygrids.com/themes/impression/assets/img/teacher/img-5.png]
[demo.graygrids.com/themes/impression/assets/img/teacher/img-6.png]
[demo.graygrids.com/themes/impression/assets/img/blog/img1.jpg]
[demo.graygrids.com/themes/impression/assets/img/blog/img2.jpg]
[demo.graygrids.com/themes/impression/assets/img/blog/img3.jpg]
[demo.graygrids.com/themes/impression/assets/img/footer-logo.png]
[demo.graygrids.com/cdn-cgi/scripts/5c5dd728/cloudflare-static/email-decode.min.js]
[demo.graygrids.com/themes/impression/assets/js/jquery.min.js]
[demo.graygrids.com/themes/impression/assets/js/bootstrap.min.js]
[demo.graygrids.com/themes/impression/assets/js/jquery.countdown.min.js]
[demo.graygrids.com/themes/impression/assets/js/smooth-scroll.js]
[demo.graygrids.com/themes/impression/assets/js/wow.js]
[demo.graygrids.com/themes/impression/assets/js/owl.carousel.min.js]
[demo.graygrids.com/themes/impression/assets/js/jquery.slicknav.js]
[demo.graygrids.com/themes/impression/assets/js/nivo-lightbox.js]
[demo.graygrids.com/themes/impression/assets/js/form-validator.min.js]
[demo.graygrids.com/themes/impression/assets/js/contact-form-script.js]
[demo.graygrids.com/themes/impression/assets/js/color-switcher.js]
[demo.graygrids.com/themes/impression/assets/js/main.js]
[demo.graygrids.com/themes/impression/assets/js/jquery.mapit.min.js]
[demo.graygrids.com/themes/impression/assets/js/initializers.js]
[demo.graygrids.com/themes/impression/index.html]
[ajax.cloudflare.com/cdn-cgi/scripts/7089c43e/cloudflare-static/rocket-loader.min.js]
[demo.graygrids.com/themes/impression/assets/fonts/glyphicons-halflings-regular.eot]
[demo.graygrids.com/themes/impression/assets/fonts/glyphicons-halflings-regulard41d.eot]
[demo.graygrids.com/themes/impression/assets/fonts/glyphicons-halflings-regular.woff2]
[demo.graygrids.com/themes/impression/assets/fonts/glyphicons-halflings-regular.woff]
[demo.graygrids.com/themes/impression/assets/fonts/glyphicons-halflings-regular.ttf]
[demo.graygrids.com/themes/impression/assets/css/bootstrap.min.css]
[demo.graygrids.com/themes/impression/assets/fonts/glyphicons-halflings-regular.svg]
[demo.graygrids.com/themes/impression/assets/img/background/header-bg.jpg]
[demo.graygrids.com/themes/impression/assets/img/background/bg-1.jpg]
[demo.graygrids.com/themes/impression/assets/img/background/contact-bg.jpg]
[demo.graygrids.com/themes/impression/assets/css/main.css]
[demo.graygrids.com/themes/impression/assets/css/responsive.css]
[demo.graygrids.com/themes/impression/assets/fonts/fontawesome-webfont5b62.eot]
[demo.graygrids.com/themes/impression/assets/fonts/fontawesome-webfontd41d.eot]
[demo.graygrids.com/themes/impression/assets/fonts/fontawesome-webfont5b62.woff2]
[demo.graygrids.com/themes/impression/assets/fonts/fontawesome-webfont5b62.woff]
[demo.graygrids.com/themes/impression/assets/fonts/fontawesome-webfont5b62.ttf]
[demo.graygrids.com/themes/impression/assets/fonts/font-awesome.min.css]
[demo.graygrids.com/themes/impression/assets/fonts/fontawesome-webfont5b62.svg]
[demo.graygrids.com/themes/impression/assets/fonts/line-icons/Simple-Line-Icons.eot]
[demo.graygrids.com/themes/impression/assets/fonts/line-icons/Simple-Line-Iconsd41d.eot]
[demo.graygrids.com/themes/impression/assets/fonts/line-icons/Simple-Line-Icons.woff]
[demo.graygrids.com/themes/impression/assets/fonts/line-icons/Simple-Line-Icons.ttf]
[demo.graygrids.com/themes/impression/assets/fonts/simple-line-icons.css]
[demo.graygrids.com/themes/impression/assets/css/slicknav.css]
[demo.graygrids.com/themes/impression/assets/css/nivo-lightbox.css]
[demo.graygrids.com/themes/impression/assets/css/animate.css]
[demo.graygrids.com/themes/impression/assets/fonts/line-icons/Simple-Line-Icons.svg]
[demo.graygrids.com/themes/impression/assets/images/icons/grabbing.png]
[demo.graygrids.com/themes/impression/assets/css/owl.carousel.css]
[demo.graygrids.com/themes/impression/assets/css/colors/default.css]
[demo.graygrids.com/themes/impression/index-2.html]
[demo.graygrids.com/themes/impression/assets/img/feature/img-1.jpg]
[demo.graygrids.com/themes/impression/assets/img/feature/img-2.jpg]
[demo.graygrids.com/themes/impression/assets/img/feature/img-3.jpg]
[demo.graygrids.com/themes/impression/about.html]
[demo.graygrids.com/themes/impression/gallery.html]
[demo.graygrids.com/themes/impression/pricing.html]
[demo.graygrids.com/themes/impression/assets/img/teacher/team-1.png]
[demo.graygrids.com/themes/impression/assets/img/teacher/team-2.png]
[demo.graygrids.com/themes/impression/sponsors.html]
[demo.graygrids.com/themes/impression/assets/img/blog/bloglarge-1.jpg]
[demo.graygrids.com/themes/impression/assets/img/blog/user1.jpg]
[demo.graygrids.com/themes/impression/assets/img/blog/user2.jpg]
[demo.graygrids.com/themes/impression/assets/img/blog/user3.jpg]
[demo.graygrids.com/themes/impression/assets/img/blog/p1.jpg]
[demo.graygrids.com/themes/impression/assets/img/blog/p2.jpg]
[demo.graygrids.com/themes/impression/assets/img/blog/p3.jpg]
[demo.graygrids.com/themes/impression/assets/img/blog/p4.jpg]
[demo.graygrids.com/themes/impression/assets/img/blog/p5.jpg]
[demo.graygrids.com/themes/impression/assets/img/blog/img4.jpg]
[demo.graygrids.com/themes/impression/assets/img/blog/img5.jpg]
[demo.graygrids.com/themes/impression/single-post.html]
[demo.graygrids.com/themes/impression/schedule.html]
[demo.graygrids.com/themes/impression/assets/img/teacher/team-3.png]
[demo.graygrids.com/themes/impression/assets/img/teacher/team-4.png]
[demo.graygrids.com/themes/impression/assets/video/event.webm]
[demo.graygrids.com/themes/impression/speakers.html]
[demo.graygrids.com/themes/impression/assets/img/blog/bloglarge-2.jpg]
[demo.graygrids.com/themes/impression/assets/img/blog/bloglarge-3.jpg]
[demo.graygrids.com/themes/impression/blog.html]
[demo.graygrids.com/themes/impression/contact.html]
[demo.graygrids.com/themes/impression/assets/js/jquery.min.js]
[demo.graygrids.com/themes/impression/Popover requires tooltip.js]
[demo.graygrids.com/themes/impression/assets/js/bootstrap.min.js]
[demo.graygrids.com/themes/impression/assets/js/jquery.countdown.min.js]
[demo.graygrids.com/themes/impression/assets/js/smooth-scroll.js]
[demo.graygrids.com/themes/impression/assets/js/wow.js]
[demo.graygrids.com/themes/impression/assets/js/owl.carousel.min.js]
[demo.graygrids.com/themes/impression/assets/js/jquery.slicknav.js]
[demo.graygrids.com/themes/impression/assets/js/nivo-lightbox.js]
[demo.graygrids.com/themes/impression/assets/js/form-validator.min.js]
[demo.graygrids.com/themes/impression/assets/js/contact-form-script.js]
[demo.graygrids.com/themes/impression/assets/css/colors/blue.css]
[demo.graygrids.com/themes/impression/assets/css/colors/green.css]
[demo.graygrids.com/themes/impression/assets/css/colors/purple.css]
[demo.graygrids.com/themes/impression/assets/css/colors/yellow.css]
[demo.graygrids.com/themes/impression/assets/js/color-switcher.js]
[demo.graygrids.com/themes/impression/assets/js/main.js]
[demo.graygrids.com/themes/impression/assets/js/jquery.mapit.min.js]
[demo.graygrids.com/themes/impression/assets/js/initializers.js]
[demo.graygrids.com/themes/impression/assets/fonts/glyphicons-halflings-regular.svg]
[demo.graygrids.com/themes/impression/assets/fonts/fontawesome-webfont5b62.svg]
[demo.graygrids.com/themes/impression/assets/fonts/line-icons/Simple-Line-Icons.svg]
[demo.graygrids.com/themes/impression/assets/images/icons/grabbing.html]
[demo.graygrids.com/themes/impression/assets/css/colors/red.css]
[demo.graygrids.com/themes/impression/Popover requires tooltip.html]
[demo.graygrids.com/themes/impression/assets/css/colors/blue.css]
[demo.graygrids.com/themes/impression/assets/css/colors/green.css]
[demo.graygrids.com/themes/impression/assets/css/colors/purple.css]
[demo.graygrids.com/themes/impression/assets/css/colors/yellow.css]
[demo.graygrids.com/themes/impression/assets/css/colors/red.css]
